
> student-productivity-hub@0.1.0 build
> next build

   Γû▓ Next.js 15.5.9
   - Environments: .env

   Creating an optimized production build ...
> [PWA] Compile server
> [PWA] Compile server
> [PWA] Compile client (static)
> [PWA] Auto register service worker with: D:\CODING\Web Development\Projects\Fullstack\student-hub\node_modules\next-pwa\register.js
> [PWA] Service worker: D:\CODING\Web Development\Projects\Fullstack\student-hub\public\sw.js
> [PWA]   url: /sw.js
> [PWA]   scope: /
